[    0.000000] Initializing cgroup subsys cpuset
[    0.000000] Initializing cgroup subsys cpu
[    0.000000] Initializing cgroup subsys cpuacct
[    0.000000] Linux version 4.4.0-210-generic (buildd@lgw01-amd64-009) (gcc version 5.4.0 20160609 (Ubuntu 5.4.0-6ubuntu1~16.04.12) ) #242-Ubuntu SMP Fri Apr 16 09:57:56 UTC 2021 (Ubuntu 4.4.0-210.242-generic 4.4.262)
[    0.000000] Command line: BOOT_IMAGE=/boot/vmlinuz-4.4.0-210-generic root=LABEL=cloudimg-rootfs ro console=tty1 console=ttyS0
[    0.000000] KERNEL supported cpus:
[    0.000000]   Intel GenuineIntel
[    0.000000]   AMD AuthenticAMD
[    0.000000]   Centaur CentaurHauls
[    0.000000] [Firmware Bug]: TSC doesn't count with P0 frequency!
[    0.000000] x86/fpu: xstate_offset[2]:  576, xstate_sizes[2]:  256
[    0.000000] x86/fpu: Supporting XSAVE feature 0x01: 'x87 floating point registers'
[    0.000000] x86/fpu: Supporting XSAVE feature 0x02: 'SSE registers'
[    0.000000] x86/fpu: Supporting XSAVE feature 0x04: 'AVX registers'
[    0.000000] x86/fpu: Enabled xstate features 0x7, context size is 832 bytes, using 'standard' format.
[    0.000000] e820: BIOS-provided physical RAM map:
[    0.000000] BIOS-e820: [mem 0x0000000000000000-0x000000000009fbff] usable
[    0.000000] BIOS-e820: [mem 0x000000000009fc00-0x000000000009ffff] reserved
[    0.000000] BIOS-e820: [mem 0x00000000000f0000-0x00000000000fffff] reserved
[    0.000000] BIOS-e820: [mem 0x0000000000100000-0x000000003ffeffff] usable
[    0.000000] BIOS-e820: [mem 0x000000003fff0000-0x000000003fffffff] ACPI data
[    0.000000] BIOS-e820: [mem 0x00000000fec00000-0x00000000fec00fff] reserved
[    0.000000] BIOS-e820: [mem 0x00000000fee00000-0x00000000fee00fff] reserved
[    0.000000] BIOS-e820: [mem 0x00000000fffc0000-0x00000000ffffffff] reserved
[    0.000000] NX (Execute Disable) protection: active
[    0.000000] SMBIOS 2.5 present.
[    0.000000] Hypervisor detected: KVM
[    0.000000] Kernel/User page tables isolation: disabled
[    0.000000] e820: last_pfn = 0x3fff0 max_arch_pfn = 0x400000000
[    0.000000] x86/PAT: Configuration [0-7]: WB  WC  UC- UC  WB  WC  UC- WT  
[    0.000000] found SMP MP-table at [mem 0x0009fbf0-0x0009fbff] mapped at [ffff88000009fbf0]
[    0.000000] Scanning 1 areas for low memory corruption
[    0.000000] RAMDISK: [mem 0x362dc000-0x37165fff]
[    0.000000] ACPI: Early table checksum verification disabled
[    0.000000] ACPI: RSDP 0x00000000000E0000 000024 (v02 VBOX  )
[    0.000000] ACPI: XSDT 0x000000003FFF0030 00003C (v01 VBOX   VBOXXSDT 00000001 ASL  00000061)
[    0.000000] ACPI: FACP 0x000000003FFF00F0 0000F4 (v04 VBOX   VBOXFACP 00000001 ASL  00000061)
[    0.000000] ACPI: DSDT 0x000000003FFF0610 002353 (v02 VBOX   VBOXBIOS 00000002 INTL 20250404)
[    0.000000] ACPI: FACS 0x000000003FFF0200 000040
[    0.000000] ACPI: FACS 0x000000003FFF0200 000040
[    0.000000] ACPI: APIC 0x000000003FFF0240 000054 (v02 VBOX   VBOXAPIC 00000001 ASL  00000061)
[    0.000000] ACPI: SSDT 0x000000003FFF02A0 00036C (v01 VBOX   VBOXCPUT 00000002 INTL 20250404)
[    0.000000] No NUMA configuration found
[    0.000000] Faking a node at [mem 0x0000000000000000-0x000000003ffeffff]
[    0.000000] NODE_DATA(0) allocated [mem 0x3ffeb000-0x3ffeffff]
[    0.000000] kvm-clock: Using msrs 4b564d01 and 4b564d00
[    0.000000] kvm-clock: cpu 0, msr 0:3ffe3001, primary cpu clock
[    0.000000] kvm-clock: using sched offset of 3996472354 cycles
[    0.000000] clocksource: kvm-clock: mask: 0xffffffffffffffff max_cycles: 0x1cd42e4dffb, max_idle_ns: 881590591483 ns
[    0.000000] Zone ranges:
[    0.000000]   DMA      [mem 0x0000000000001000-0x0000000000ffffff]
[    0.000000]   DMA32    [mem 0x0000000001000000-0x000000003ffeffff]
[    0.000000]   Normal   empty
[    0.000000]   Device   empty
[    0.000000] Movable zone start for each node
[    0.000000] Early memory node ranges
[    0.000000]   node   0: [mem 0x0000000000001000-0x000000000009efff]
[    0.000000]   node   0: [mem 0x0000000000100000-0x000000003ffeffff]
[    0.000000] Initmem setup node 0 [mem 0x0000000000001000-0x000000003ffeffff]
[    0.000000] ACPI: PM-Timer IO Port: 0x4008
[    0.000000] IOAPIC[0]: apic_id 1, version 32, address 0xfec00000, GSI 0-23
[    0.000000] ACPI: INT_SRC_OVR (bus 0 bus_irq 0 global_irq 2 dfl dfl)
[    0.000000] ACPI: INT_SRC_OVR (bus 0 bus_irq 9 global_irq 9 low level)
[    0.000000] Using ACPI (MADT) for SMP configuration information
[    0.000000] smpboot: Allowing 1 CPUs, 0 hotplug CPUs
[    0.000000] PM: Registered nosave memory: [mem 0x00000000-0x00000fff]
[    0.000000] PM: Registered nosave memory: [mem 0x0009f000-0x0009ffff]
[    0.000000] PM: Registered nosave memory: [mem 0x000a0000-0x000effff]
[    0.000000] PM: Registered nosave memory: [mem 0x000f0000-0x000fffff]
[    0.000000] e820: [mem 0x40000000-0xfebfffff] available for PCI devices
[    0.000000] Booting paravirtualized kernel on KVM
[    0.000000] clocksource: refined-jiffies: mask: 0xffffffff max_cycles: 0xffffffff, max_idle_ns: 7645519600211568 ns
[    0.000000] setup_percpu: NR_CPUS:512 nr_cpumask_bits:512 nr_cpu_ids:1 nr_node_ids:1
[    0.000000] PERCPU: Embedded 33 pages/cpu @ffff88003fc00000 s95192 r8192 d31784 u2097152
[    0.000000] Built 1 zonelists in Node order, mobility grouping on.  Total pages: 257912
[    0.000000] Policy zone: DMA32
[    0.000000] Kernel command line: BOOT_IMAGE=/boot/vmlinuz-4.4.0-210-generic root=LABEL=cloudimg-rootfs ro console=tty1 console=ttyS0
[    0.000000] PID hash table entries: 4096 (order: 3, 32768 bytes)
[    0.000000] Memory: 997924K/1048120K available (8644K kernel code, 1332K rwdata, 4044K rodata, 1492K init, 1164K bss, 50196K reserved, 0K cma-reserved)
[    0.000000] SLUB: HWalign=64, Order=0-3, MinObjects=0, CPUs=1, Nodes=1
[    0.000000] Hierarchical RCU implementation.
[    0.000000] 	Build-time adjustment of leaf fanout to 64.
[    0.000000] 	RCU restricting CPUs from NR_CPUS=512 to nr_cpu_ids=1.
[    0.000000] RCU: Adjusting geometry for rcu_fanout_leaf=64, nr_cpu_ids=1
[    0.000000] NR_IRQS:33024 nr_irqs:256 16
[    0.000000] Console: colour VGA+ 80x25
[    0.000000] console [tty1] enabled
[    0.000000] console [ttyS0] enabled
[    0.000000] tsc: Detected 2099.998 MHz processor
[    0.130185] Calibrating delay loop (skipped) preset value.. 4199.99 BogoMIPS (lpj=8399992)
[    0.131954] pid_max: default: 32768 minimum: 301
[    0.132872] ACPI: Core revision 20150930
[    0.135195] ACPI: 2 ACPI AML tables successfully acquired and loaded
[    0.136416] Security Framework initialized
[    0.137172] Yama: becoming mindful.
[    0.138138] AppArmor: AppArmor initialized
[    0.138961] Dentry cache hash table entries: 131072 (order: 8, 1048576 bytes)
[    0.140378] Inode-cache hash table entries: 65536 (order: 7, 524288 bytes)
[    0.142123] Mount-cache hash table entries: 2048 (order: 2, 16384 bytes)
[    0.143399] Mountpoint-cache hash table entries: 2048 (order: 2, 16384 bytes)
[    0.144863] Initializing cgroup subsys io
[    0.145728] Initializing cgroup subsys memory
[    0.146685] Initializing cgroup subsys devices
[    0.147550] Initializing cgroup subsys freezer
[    0.149200] Initializing cgroup subsys net_cls
[    0.150638] Initializing cgroup subsys perf_event
[    0.151530] Initializing cgroup subsys net_prio
[    0.152726] Initializing cgroup subsys hugetlb
[    0.154823] Initializing cgroup subsys pids
[    0.156534] CPU0: Hyper-Threading is disabled
[    0.174556] mce: CPU supports 0 MCE banks
[    0.176109] Last level iTLB entries: 4KB 1024, 2MB 1024, 4MB 512
[    0.178287] Last level dTLB entries: 4KB 1536, 2MB 1536, 4MB 768, 1GB 0
[    0.180709] Spectre V1 : Mitigation: usercopy/swapgs barriers and __user pointer sanitization
[    0.184144] Spectre V2 : Spectre mitigation: LFENCE not serializing, switching to generic retpoline
[    0.187725] Spectre V2 : Mitigation: Full generic retpoline
[    0.189977] Spectre V2 : Spectre v2 / SpectreRSB mitigation: Filling RSB on context switch
[    0.211741] Freeing SMP alternatives memory: 36K
[    0.219196] ftrace: allocating 32380 entries in 127 pages
[    0.279802] smpboot: APIC(0) Converting physical 0 to logical package 0
[    0.281099] smpboot: Max logical packages: 1
[    0.282233] x2apic enabled
[    0.283016] Switched APIC routing to physical x2apic.
[    0.284684] ..TIMER: vector=0x30 apic1=0 pin1=2 apic2=-1 pin2=-1
[    0.393773] smpboot: CPU0: AMD Ryzen 3 3350U with Radeon Vega Mobile Gfx (family: 0x17, model: 0x18, stepping: 0x1)
[    0.395994] Performance Events: Broken PMU hardware detected, using software events only.
[    0.397732] Failed to access perfctr msr (MSR c0010007 is 0)
[    0.404803] KVM setup paravirtual spinlock
[    0.406510] x86: Booted up 1 node, 1 CPUs
[    0.407449] smpboot: Total of 1 processors activated (4199.99 BogoMIPS)
[    0.409199] devtmpfs: initialized
[    0.411967] evm: security.selinux
[    0.412678] evm: security.SMACK64
[    0.413492] evm: security.SMACK64EXEC
[    0.414338] evm: security.SMACK64TRANSMUTE
[    0.415190] evm: security.SMACK64MMAP
[    0.416046] evm: security.ima
[    0.416741] evm: security.capability
[    0.417689] clocksource: jiffies: mask: 0xffffffff max_cycles: 0xffffffff, max_idle_ns: 7645041785100000 ns
[    0.419645] futex hash table entries: 256 (order: 2, 16384 bytes)
[    0.420969] pinctrl core: initialized pinctrl subsystem
[    0.422054] RTC time: 15:27:36, date: 08/21/25
[    0.423344] NET: Registered protocol family 16
[    0.424417] cpuidle: using governor ladder
[    0.425376] cpuidle: using governor menu
[    0.426159] PCCT header not found.
[    0.427225] ACPI: bus type PCI registered
[    0.428122] acpiphp: ACPI Hot Plug PCI Controller Driver version: 0.5
[    0.429511] PCI: Using configuration type 1 for base access
[    0.430499] PCI: Using configuration type 1 for extended access
[    0.433316] ACPI: Added _OSI(Module Device)
[    0.434081] ACPI: Added _OSI(Processor Device)
[    0.434817] ACPI: Added _OSI(3.0 _SCP Extensions)
[    0.435509] ACPI: Added _OSI(Processor Aggregator Device)
[    0.436789] ACPI: Executed 1 blocks of module-level executable AML code
[    0.439902] ACPI: Interpreter enabled
[    0.440696] ACPI: (supports S0 S5)
[    0.441347] ACPI: Using IOAPIC for interrupt routing
[    0.442482] PCI: Using host bridge windows from ACPI; if necessary, use "pci=nocrs" and report a bug
[    0.448000] ACPI: PCI Root Bridge [PCI0] (domain 0000 [bus 00-ff])
[    0.449175] acpi PNP0A03:00: _OSC: OS supports [ExtendedConfig ASPM ClockPM Segments MSI]
[    0.451152] acpi PNP0A03:00: _OSC: platform does not support [PCIeCapability]
[    0.452650] acpi PNP0A03:00: _OSC: not requesting control; platform does not support [PCIeCapability]
[    0.454219] acpi PNP0A03:00: _OSC: OS requested [PCIeHotplug PME AER PCIeCapability]
[    0.455668] acpi PNP0A03:00: _OSC: platform willing to grant [PCIeHotplug PME AER]
[    0.457272] acpi PNP0A03:00: _OSC failed (AE_SUPPORT); disabling ASPM
[    0.459476] PCI host bridge to bus 0000:00
[    0.460360] pci_bus 0000:00: root bus resource [io  0x0000-0x0cf7 window]
[    0.461573] pci_bus 0000:00: root bus resource [io  0x0d00-0xffff window]
[    0.462965] pci_bus 0000:00: root bus resource [mem 0x000a0000-0x000bffff window]
[    0.464641] pci_bus 0000:00: root bus resource [mem 0x40000000-0xfdffffff window]
[    0.466327] pci_bus 0000:00: root bus resource [bus 00-ff]
[    0.477121] pci 0000:00:01.1: legacy IDE quirk: reg 0x10: [io  0x01f0-0x01f7]
[    0.478287] pci 0000:00:01.1: legacy IDE quirk: reg 0x14: [io  0x03f6]
[    0.479396] pci 0000:00:01.1: legacy IDE quirk: reg 0x18: [io  0x0170-0x0177]
[    0.480561] pci 0000:00:01.1: legacy IDE quirk: reg 0x1c: [io  0x0376]
[    0.496129] pci 0000:00:07.0: quirk: [io  0x4000-0x403f] claimed by PIIX4 ACPI
[    0.497648] pci 0000:00:07.0: quirk: [io  0x4100-0x410f] claimed by PIIX4 SMB
[    0.508982] ACPI: PCI Interrupt Link [LNKA] (IRQs 5 9 10 *11)
[    0.510704] ACPI: PCI Interrupt Link [LNKB] (IRQs 5 9 *10 11)
[    0.512033] ACPI: PCI Interrupt Link [LNKC] (IRQs 5 *9 10 11)
[    0.513320] ACPI: PCI Interrupt Link [LNKD] (IRQs 5 9 10 *11)
[    0.514664] ACPI: Enabled 2 GPEs in block 00 to 07
[    0.515907] vgaarb: setting as boot device: PCI:0000:00:02.0
[    0.516941] vgaarb: device added: PCI:0000:00:02.0,decodes=io+mem,owns=io+mem,locks=none
[    0.518409] vgaarb: loaded
[    0.519054] vgaarb: bridge control possible 0000:00:02.0
[    0.520237] SCSI subsystem initialized
[    0.521200] ACPI: bus type USB registered
[    0.522112] usbcore: registered new interface driver usbfs
[    0.523085] usbcore: registered new interface driver hub
[    0.524109] usbcore: registered new device driver usb
[    0.525295] PCI: Using ACPI for IRQ routing
[    0.526744] NetLabel: Initializing
[    0.527487] NetLabel:  domain hash size = 128
[    0.528471] NetLabel:  protocols = UNLABELED CIPSOv4
[    0.529610] NetLabel:  unlabeled traffic allowed by default
[    0.530954] amd_nb: Cannot enumerate AMD northbridges
[    0.532042] clocksource: Switched to clocksource kvm-clock
[    0.540747] AppArmor: AppArmor Filesystem Enabled
[    0.541819] pnp: PnP ACPI init
[    0.543182] pnp: PnP ACPI: found 3 devices
[    0.549796] clocksource: acpi_pm: mask: 0xffffff max_cycles: 0xffffff, max_idle_ns: 2085701024 ns
[    0.551511] NET: Registered protocol family 2
[    0.552563] TCP established hash table entries: 8192 (order: 4, 65536 bytes)
[    0.553806] TCP bind hash table entries: 8192 (order: 5, 131072 bytes)
[    0.554957] TCP: Hash tables configured (established 8192 bind 8192)
[    0.556087] UDP hash table entries: 512 (order: 2, 16384 bytes)
[    0.557326] UDP-Lite hash table entries: 512 (order: 2, 16384 bytes)
[    0.558627] NET: Registered protocol family 1
[    0.559489] pci 0000:00:00.0: Limiting direct PCI/PCI transfers
[    0.560547] pci 0000:00:01.0: Activating ISA DMA hang workarounds
[    0.561740] Unpacking initramfs...
[    0.817440] Freeing initrd memory: 14888K
[    0.818615] clocksource: tsc: mask: 0xffffffffffffffff max_cycles: 0x1e452ea631d, max_idle_ns: 440795244572 ns
[    0.820814] platform rtc_cmos: registered platform RTC device (no PNP device found)
[    0.822456] Scanning for low memory corruption every 60 seconds
[    0.824059] audit: initializing netlink subsys (disabled)
[    0.825256] audit: type=2000 audit(1755790062.117:1): initialized
[    0.826739] Initialise system trusted keyring
[    0.827819] HugeTLB registered 2 MB page size, pre-allocated 0 pages
[    0.830357] zbud: loaded
[    0.831440] VFS: Disk quotas dquot_6.6.0
[    0.832393] VFS: Dquot-cache hash table entries: 512 (order 0, 4096 bytes)
[    0.834103] squashfs: version 4.0 (2009/01/31) Phillip Lougher
[    0.835562] fuse init (API version 7.23)
[    0.836627] Key type big_key registered
[    0.837537] Allocating IMA MOK and blacklist keyrings.
[    0.838841] Key type asymmetric registered
[    0.839736] Asymmetric key parser 'x509' registered
[    0.840762] Block layer SCSI generic (bsg) driver version 0.4 loaded (major 249)
[    0.842420] io scheduler noop registered
[    0.843284] io scheduler deadline registered (default)
[    0.844323] io scheduler cfq registered
[    0.845370] pci_hotplug: PCI Hot Plug PCI Core version: 0.5
[    0.846560] pciehp: PCI Express Hot Plug Controller Driver version: 0.4
[    0.847970] ACPI: AC Adapter [AC] (on-line)
[    0.848937] input: Power Button as /devices/LNXSYSTM:00/LNXPWRBN:00/input/input0
[    0.850710] ACPI: Power Button [PWRF]
[    0.851648] input: Sleep Button as /devices/LNXSYSTM:00/LNXSLPBN:00/input/input1
[    0.853397] ACPI: Sleep Button [SLPF]
[    0.855171] ACPI: Battery Slot [BAT0] (battery present)
[    0.856594] GHES: HEST is not enabled!
[    0.857852] Serial: 8250/16550 driver, 32 ports, IRQ sharing enabled
[    0.879783] 00:02: ttyS0 at I/O 0x3f8 (irq = 4, base_baud = 115200) is a 16550A
[    0.882798] Linux agpgart interface v0.103
[    0.885282] loop: module loaded
[    0.886369] scsi host0: ata_piix
[    0.887033] scsi host1: ata_piix
[    0.887688] ata1: PATA max UDMA/33 cmd 0x1f0 ctl 0x3f6 bmdma 0xd000 irq 14
[    0.888645] ata2: PATA max UDMA/33 cmd 0x170 ctl 0x376 bmdma 0xd008 irq 15
[    0.890157] libphy: Fixed MDIO Bus: probed
[    0.891039] tun: Universal TUN/TAP device driver, 1.6
[    0.892350] tun: (C) 1999-2004 Max Krasnyansky <maxk@qualcomm.com>
[    0.893365] PPP generic driver version 2.4.2
[    0.894278] ehci_hcd: USB 2.0 'Enhanced' Host Controller (EHCI) Driver
[    0.895350] ehci-pci: EHCI PCI platform driver
[    0.896246] ehci-platform: EHCI generic platform driver
[    0.897231] ohci_hcd: USB 1.1 'Open' Host Controller (OHCI) Driver
[    0.898282] ohci-pci: OHCI PCI platform driver
[    0.899075] ohci-platform: OHCI generic platform driver
[    0.900897] uhci_hcd: USB Universal Host Controller Interface driver
[    0.902027] i8042: PNP: PS/2 Controller [PNP0303:PS2K,PNP0f03:PS2M] at 0x60,0x64 irq 1,12
[    0.903871] serio: i8042 KBD port at 0x60,0x64 irq 1
[    0.904752] serio: i8042 AUX port at 0x60,0x64 irq 12
[    0.905781] mousedev: PS/2 mouse device common for all mice
[    0.907020] input: AT Translated Set 2 keyboard as /devices/platform/i8042/serio0/input/input2
[    0.908901] rtc_cmos rtc_cmos: rtc ce: registered rtc_cmos as rtc0
[    0.974781] rtc_cmos rtc_cmos: alarms up to one day, 114 bytes nvram
[    0.975683] i2c /dev entries driver
[    0.976411] device-mapper: uevent: version 1.0.3
[    0.977321] device-mapper: ioctl: 4.34.0-ioctl (2015-10-28) initialised: dm-devel@redhat.com
[    0.978787] ledtrig-cpu: registered to indicate activity on CPUs
[    0.980179] NET: Registered protocol family 10
[    0.981135] NET: Registered protocol family 17
[    0.981874] Key type dns_resolver registered
[    0.982806] registered taskstats version 1
[    0.983591] Loading compiled-in X.509 certificates
[    0.985230] Loaded X.509 cert 'Build time autogenerated kernel key: cf00e047681d67edb2720680708b7d9498083038'
[    0.986895] zswap: loaded using pool lzo/zbud
[    0.989415] Key type trusted registered
[    0.992646] Key type encrypted registered
[    0.993355] AppArmor: AppArmor sha1 policy hashing enabled
[    0.994159] ima: No TPM chip found, activating TPM-bypass!
[    0.995198] ima: Allocated hash algorithm: sha1
[    0.995939] evm: HMAC attrs: 0x1
[    0.996853]   Magic number: 5:109:488
[    0.997647] regulator regulator.0: hash matches
[    0.998476] rtc_cmos rtc_cmos: setting system clock to 2025-08-21 15:27:37 UTC (1755790057)
[    1.000021] BIOS EDD facility v0.16 2004-Jun-25, 0 devices found
[    1.000971] EDD information not available.
[    1.069550] Freeing unused kernel memory: 1492K
[    1.070464] Write protecting the kernel read-only data: 14336k
[    1.071808] Freeing unused kernel memory: 1584K
[    1.073200] Freeing unused kernel memory: 52K
Loading, please wait...
starting version 229
[    1.085927] random: udevadm: uninitialized urandom read (16 bytes read, 3 bits of entropy available)
[    1.087539] random: udevadm: uninitialized urandom read (16 bytes read, 3 bits of entropy available)
[    1.089891] random: systemd-udevd: uninitialized urandom read (16 bytes read, 3 bits of entropy available)
[    1.091390] random: systemd-udevd: uninitialized urandom read (16 bytes read, 3 bits of entropy available)
[    1.093144] random: systemd-udevd: uninitialized urandom read (16 bytes read, 3 bits of entropy available)
[    1.094683] random: systemd-udevd: uninitialized urandom read (16 bytes read, 3 bits of entropy available)
[    1.104642] random: systemd-udevd: uninitialized urandom read (16 bytes read, 3 bits of entropy available)
[    1.106510] random: systemd-udevd: uninitialized urandom read (16 bytes read, 3 bits of entropy available)
[    1.108180] random: systemd-udevd: uninitialized urandom read (16 bytes read, 3 bits of entropy available)
[    1.112377] random: systemd-udevd: uninitialized urandom read (16 bytes read, 3 bits of entropy available)
[    1.203485] e1000: Intel(R) PRO/1000 Network Driver - version 7.3.21-k8-NAPI
[    1.204832] e1000: Copyright (c) 1999-2006 Intel Corporation.
[    1.211675] Fusion MPT base driver 3.04.20
[    1.212586] Copyright (c) 1999-2008 LSI Corporation
[    1.227625] Fusion MPT SPI Host driver 3.04.20
[    1.265189] AVX2 version of gcm_enc/dec engaged.
[    1.266037] AES CTR mode by8 optimization enabled
[    1.427736] input: ImExPS/2 Generic Explorer Mouse as /devices/platform/i8042/serio1/input/input4
[    1.600136] e1000 0000:00:03.0 eth0: (PCI:33MHz:32-bit) 02:be:82:6b:cc:1d
[    1.602012] e1000 0000:00:03.0 eth0: Intel(R) PRO/1000 Network Connection
[    1.603784] mptbase: ioc0: Initiating bringup
[    1.676295] ioc0: LSI53C1030 A0: Capabilities={Initiator}
[    1.837605] scsi host2: ioc0: LSI53C1030 A0, FwRev=00000000h, Ports=1, MaxQ=256, IRQ=20
[    1.953829] scsi 2:0:0:0: Direct-Access     VBOX     HARDDISK         1.0  PQ: 0 ANSI: 5
[    1.955981] scsi target2:0:0: Beginning Domain Validation
[    1.958715] scsi target2:0:0: Domain Validation skipping write tests
[    1.960327] scsi target2:0:0: Ending Domain Validation
[    1.961844] scsi target2:0:0: asynchronous
[    1.963608] scsi 2:0:1:0: Direct-Access     VBOX     HARDDISK         1.0  PQ: 0 ANSI: 5
[    1.979243] scsi target2:0:1: Beginning Domain Validation
[    1.982269] scsi target2:0:1: Domain Validation skipping write tests
[    1.986201] scsi target2:0:1: Ending Domain Validation
[    1.987814] scsi target2:0:1: asynchronous
[    2.109389] sd 2:0:0:0: Attached scsi generic sg0 type 0
[    2.111591] sd 2:0:0:0: [sda] 83886080 512-byte logical blocks: (42.9 GB/40.0 GiB)
[    2.115135] sd 2:0:1:0: Attached scsi generic sg1 type 0
[    2.117983] sd 2:0:1:0: [sdb] 20480 512-byte logical blocks: (10.5 MB/10.0 MiB)
[    2.121491] sd 2:0:0:0: [sda] Write Protect is off
[    2.123269] sd 2:0:1:0: [sdb] Write Protect is off
[    2.126685] sd 2:0:0:0: [sda] Write cache: enabled, read cache: enabled, supports DPO and FUA
[    2.129858] sd 2:0:1:0: [sdb] Write cache: enabled, read cache: enabled, supports DPO and FUA
[    2.146710]  sda: sda1
[    2.148557] sd 2:0:0:0: [sda] Attached SCSI disk
[    2.175015] sd 2:0:1:0: [sdb] Attached SCSI disk
[    2.360129] e1000 0000:00:08.0 eth1: (PCI:33MHz:32-bit) 08:00:27:bc:e5:91
[    2.361095] e1000 0000:00:08.0 eth1: Intel(R) PRO/1000 Network Connection
[    2.363171] e1000 0000:00:08.0 enp0s8: renamed from eth1
[    2.366661] e1000 0000:00:03.0 enp0s3: renamed from eth0
Begin: Loading essential drivers ... [    3.784730] md: linear personality registered for level -1
[    3.789183] md: multipath personality registered for level -4
[    3.794068] md: raid0 personality registered for level 0
[    3.800093] md: raid1 personality registered for level 1
[    3.880083] raid6: sse2x1   gen()  3952 MB/s
[    3.948073] raid6: sse2x1   xor()  4288 MB/s
[    4.016072] raid6: sse2x2   gen()  8580 MB/s
[    4.084064] raid6: sse2x2   xor()  5622 MB/s
[    4.152118] raid6: sse2x4   gen()  7746 MB/s
[    4.220108] raid6: sse2x4   xor()  4263 MB/s
[    4.288113] raid6: avx2x1   gen()  9552 MB/s
[    4.356132] raid6: avx2x2   gen() 11479 MB/s
[    4.424124] raid6: avx2x4   gen() 11201 MB/s
[    4.428231] raid6: using algorithm avx2x2 gen() 11479 MB/s
[    4.430860] raid6: using avx2x2 recovery algorithm
[    4.436288] xor: automatically using best checksumming function:
[    4.476119]    avx       :  8127.000 MB/sec
[    4.479762] async_tx: api initialized (async)
[    4.490878] md: raid6 personality registered for level 6
[    4.491866] md: raid5 personality registered for level 5
[    4.492863] md: raid4 personality registered for level 4
[    4.499302] md: raid10 personality registered for level 10
done.
Begin: Running /scripts/init-premount ... done.
Begin: Mounting root file system ... Begin: Running /scripts/local-top ... done.
Begin: Running /scripts/local-premount ... [    4.529887] Btrfs loaded
Scanning for Btrfs filesystems
done.
Warning: fsck not present, so skipping root file system
[    4.646297] EXT4-fs (sda1): mounted filesystem with ordered data mode. Opts: (null)
done.
Begin: Running /scripts/local-bottom ... done.
Begin: Running /scripts/init-bottom ... done.
[    5.050261] systemd[1]: systemd 229 running in system mode. (+PAM +AUDIT +SELINUX +IMA +APPARMOR +SMACK +SYSVINIT +UTMP +LIBCRYPTSETUP +GCRYPT +GNUTLS +ACL +XZ -LZ4 +SECCOMP +BLKID +ELFUTILS +KMOD -IDN)
[    5.053895] systemd[1]: Detected virtualization oracle.
[    5.054951] systemd[1]: Detected architecture x86-64.

Welcome to [1mUbuntu 16.04.7 LTS[0m!

[    5.063240] systemd[1]: Set hostname to <ubuntu>.
[    5.070684] systemd[1]: Initializing machine ID from random generator.
[    5.071887] systemd[1]: Installed transient /etc/machine-id file.
[    5.417765] systemd[1]: Reached target Swap.
[[0;32m  OK  [0m] Reached target Swap.
[    5.420581] systemd[1]: Listening on LVM2 poll daemon socket.
[[0;32m  OK  [0m] Listening on LVM2 poll daemon socket.
[    5.423588] systemd[1]: Reached target Encrypted Volumes.
[[0;32m  OK  [0m] Reached target Encrypted Volumes.
[    5.432473] systemd[1]: Listening on Device-mapper event daemon FIFOs.
[[0;32m  OK  [0m] Listening on Device-mapper event daemon FIFOs.
[    5.444394] systemd[1]: Listening on Journal Socket.
[[0;32m  OK  [0m] Listening on Journal Socket.
[    5.452311] systemd[1]: Reached target System Time Synchronized.
[[0;32m  OK  [0m] Reached target System Time Synchronized.
[    5.460204] systemd[1]: Listening on /dev/initctl Compatibility Named Pipe.
[[0;32m  OK  [0m] Listening on /dev/initctl Compatibility Named Pipe.
[    5.461863] systemd[1]: Listening on udev Kernel Socket.
[[0;32m  OK  [0m] Listening on udev Kernel Socket.
[    5.468188] systemd[1]: Listening on Syslog Socket.
[[0;32m  OK  [0m] Listening on Syslog Socket.
[    5.469385] systemd[1]: Started Forward Password Requests to Wall Directory Watch.
[[0;32m  OK  [0m] Started Forward Password Requests to Wall Directory Watch.
[    5.471524] systemd[1]: Created slice System Slice.
[[0;32m  OK  [0m] Created slice System Slice.
[    5.473420] systemd[1]: Starting Set console keymap...
         Starting Set console keymap...
[    5.475644] systemd[1]: Mounting POSIX Message Queue File System...
         Mounting POSIX Message Queue File System...
[    5.478761] systemd[1]: Starting Nameserver information manager...
         Starting Nameserver information manager...
[    5.482069] systemd[1]: Mounting Huge Pages File System...
         Mounting Huge Pages File System...
[    5.490383] systemd[1]: Created slice system-serial\x2dgetty.slice.
[[0;32m  OK  [0m] Created slice system-serial\x2dgetty.slice.
[    5.495330] systemd[1]: Listening on Journal Audit Socket.
[[0;32m  OK  [0m] Listening on Journal Audit Socket.
[    5.497253] systemd[1]: Reached target User and Group Name Lookups.
[[0;32m  OK  [0m] Reached target User and Group Name Lookups.
[    5.503993] systemd[1]: Starting Uncomplicated firewall...
         Starting Uncomplicated firewall...
[    5.508170] systemd[1]: Listening on fsck to fsckd communication Socket.
[[0;32m  OK  [0m] Listening on fsck to fsckd communication Socket.
[    5.511420] systemd[1]: Mounting Debug File System...
         Mounting Debug File System...
[    5.517084] systemd[1]: Starting File System Check on Root Device...
         Starting File System Check on Root Device...
[    5.522096] systemd[1]: Starting Create list of required static device nodes for the current kernel...
         Starting Create list of required st... nodes for the current kernel...
[    5.532188] systemd[1]: Created slice User and Session Slice.
[[0;32m  OK  [0m] Created slice User and Session Slice.
[    5.534727] systemd[1]: Reached target Slices.
[[0;32m  OK  [0m] Reached target Slices.
[    5.543561] systemd[1]: Starting Load Kernel Modules...
         Starting Load Kernel Modules...
[    5.552292] systemd[1]: Listening on udev Control Socket.
[[0;32m  OK  [0m] Listening on udev Control Socket.
[    5.553918] systemd[1]: Started Trigger resolvconf update for networkd DNS.
[[0;32m  OK  [0m] Started Trigger resolvconf update for networkd DNS.
[    5.556263] systemd[1]: Listening on Journal Socket (/dev/log).
[[0;32m  OK  [0m] Listening on Journal Socket (/dev/log).
[    5.560986] systemd[1]: Starting Journal Service...
         Starting Journal Service...
[    5.565782] systemd[1]: Listening on LVM2 metadata daemon socket.
[[0;32m  OK  [0m] Listening on LVM2 metadata daemon socket.
[    5.571904] systemd[1]: Starting Monitoring of LVM2 mirrors, snapshots etc. using dmeventd or progress polling...
[    5.575184] Loading iSCSI transport class v2.0-870.
         Starting Monitoring of LVM2 mirrors... dmeventd or progress polling...
[    5.577945] systemd[1]: Set up automount Arbitrary Executable File Formats File System Automount Point.
[[0;32m  OK  [0m] Set up automount Arbitrary Executab...ats File System Automount Point.
[    5.587858] systemd[1]: Mounted Huge Pages File System.
[[0;32m  OK  [0m] Mounted Huge Pages File System.
[    5.589390] systemd[1]: Mounted POSIX Message Queue File System.
[[0;32m  OK  [0m] Mounted POSIX Message Queue File System.
[    5.591337] systemd[1]: Mounted Debug File System.
[[0;32m  OK  [0m] Mounted Debug File System.
[    5.597564] systemd[1]: Started Uncomplicated firewall.
[[0;32m  OK  [0m] Started Uncomplicated firewall.
[    5.604852] systemd[1]: Started Create list of required static device nodes for the current kernel.
[[0;32m  OK  [0m] Started Create list of required sta...ce nodes for the current kernel.
[    5.612921] systemd[1]: Started File System Check on Root Device.
[[0;32m  OK  [0m] Started File System Check on Root Device.
[    5.617837] iscsi: registered transport (tcp)
[    5.619755] systemd[1]: Started Nameserver information manager.
[[0;32m  OK  [0m] Started Nameserver information manager.
[    5.634768] systemd[1]: Started File System Check Daemon to report status.
[[0;32m  OK  [0m] Started File System Check Daemon to report status.
[    5.644986] systemd[1]: Starting Remount Root and Kernel File Systems...
[    5.652186] random: nonblocking pool is initialized
         Starting Remount Root and Kernel File Systems...
[    5.662326] systemd[1]: Starting Create Static Device Nodes in /dev...
         Starting Create Static Device Nodes in /dev...
[    5.674459] systemd[1]: Started LVM2 metadata daemon.
[[0;32m  OK  [0m] Started LVM2 metadata daemon.
[    5.680442] EXT4-fs (sda1): re-mounted. Opts: (null)
[    5.690439] systemd[1]: Started Remount Root and Kernel File Systems.
[[0;32m  OK  [0m] Started Remount Root and Kernel File Systems.
[    5.692927] systemd[1]: Starting Load/Save Random Seed...
         Starting Load/Save Random Seed...
[    5.703545] systemd[1]: Starting udev Coldplug all Devices...
         Starting udev Coldplug all Devices...
[    5.713116] systemd[1]: Started Load/Save Random Seed.
[[0;32m  OK  [0m] Started Load/Save Random Seed.
[    5.741459] systemd[1]: Started Journal Service.
[[0;32m  OK  [0m] Started Journal Service.
         Starting Flush Journal to Persistent Storage...
[    5.760373] systemd-journald[397]: Received request to flush runtime journal from PID 1
[[0;32m  OK  [0m] Started Flush Journal to Persistent Storage.
[[0;32m  OK  [0m] Started Set console keymap.
[[0;32m  OK  [0m] Started Create Static Device Nodes in /dev.
[    5.787060] iscsi: registered transport (iser)
         Starting udev Kernel Device Manager...
[[0;32m  OK  [0m] Started Load Kernel Modules.
         Starting Apply Kernel Variables...
         Mounting FUSE Control File System...
[[0;32m  OK  [0m] Mounted FUSE Control File System.
[[0;32m  OK  [0m] Started Apply Kernel Variables.
[[0;32m  OK  [0m] Started udev Coldplug all Devices.
[[0;32m  OK  [0m] Started udev Kernel Device Manager.
[[0;32m  OK  [0m] Started Dispatch Password Requests to Console Directory Watch.
[[0;32m  OK  [0m] Started Monitoring of LVM2 mirrors,...ng dmeventd or progress polling.
[[0;32m  OK  [0m] Reached target Local File Systems (Pre).
[[0;32m  OK  [0m] Reached target Local File Systems.
         Starting Create Volatile Files and Directories...
         Starting Tell Plymouth To Write Out Runtime Data...
         Starting Set console font and keymap...
         Starting Initial cloud-init job (pre-networking)...
         Starting Commit a transient machine-id on disk...
         Starting LSB: AppArmor initialization...
[[0;32m  OK  [0m] Started Commit a transient machine-id on disk.
[[0;32m  OK  [0m] Started Create Volatile Files and Directories.
         Starting Update UTMP about System Boot/Shutdown...
[[0;32m  OK  [0m] Started Tell Plymouth To Write Out Runtime Data.
[[0;32m  OK  [0m] Started Update UTMP about System Boot/Shutdown.
[[0;32m  OK  [0m] Found device /dev/ttyS0.
[[0;32m  OK  [0m] Listening on Load/Save RF Kill Switch Status /dev/rfkill Watch.
[[0;32m  OK  [0m] Started Set console font and keymap.
[[0;32m  OK  [0m] Created slice system-getty.slice.
[    8.504714] cloud-init[498]: Cloud-init v. 21.1-19-gbad84ad4-0ubuntu1~16.04.2 running 'init-local' at Thu, 21 Aug 2025 15:27:44 +0000. Up 7.85 seconds.
[[0;32m  OK  [0m] Started Initial cloud-init job (pre-networking).
[[0;32m  OK  [0m] Reached target Network (Pre).
[[0;32m  OK  [0m] Started LSB: AppArmor initialization.
         Starting Load AppArmor profiles managed internally by snapd...
         Starting Raise network interfaces...
[[0;32m  OK  [0m] Started Load AppArmor profiles managed internally by snapd.
[[0;32m  OK  [0m] Started Raise network interfaces.
[[0;32m  OK  [0m] Reached target Network.
         Starting Initial cloud-init job (metadata service crawler)...
[   10.218521] cloud-init[975]: Cloud-init v. 21.1-19-gbad84ad4-0ubuntu1~16.04.2 running 'init' at Thu, 21 Aug 2025 15:27:46 +0000. Up 9.35 seconds.
[   10.219359] cloud-init[975]: ci-info: ++++++++++++++++++++++++++++++++++++++Net device info+++++++++++++++++++++++++++++++++++++++
[   10.220075] cloud-init[975]: ci-info: +--------+-------+----------------------------+---------------+--------+-------------------+
[   10.228482] cloud-init[975]: ci-info: | Device |   Up  |          Address           |      Mask     | Scope  |     Hw-Address    |
[   10.229119] cloud-init[975]: ci-info: +--------+-------+----------------------------+---------------+--------+-------------------+
[   10.229727] cloud-init[975]: ci-info: | enp0s3 |  True |         10.0.2.15          | 255.255.255.0 | global | 02:be:82:6b:cc:1d |
[   10.230360] cloud-init[975]: ci-info: | enp0s3 |  True | fe80::be:82ff:fe6b:cc1d/64 |       .       |  link  | 02:be:82:6b:cc:1d |
[   10.230942] cloud-init[975]: ci-info: | enp0s8 | False |             .              |       .       |   .    | 08:00:27:bc:e5:91 |
[   10.232333] cloud-init[975]: ci-info: |   lo   |  True |         127.0.0.1          |   255.0.0.0   |  host  |         .         |
[   10.240492] cloud-init[975]: ci-info: |   lo   |  True |          ::1/128           |       .       |  host  |         .         |
[   10.241158] cloud-init[975]: ci-info: +--------+-------+----------------------------+---------------+--------+-------------------+
[   10.241794] cloud-init[975]: ci-info: +++++++++++++++++++++++++++Route IPv4 info++++++++++++++++++++++++++++
[   10.248515] cloud-init[975]: ci-info: +-------+-------------+----------+---------------+-----------+-------+
[   10.256462] cloud-init[975]: ci-info: | Route | Destination | Gateway  |    Genmask    | Interface | Flags |
[   10.265315] cloud-init[975]: ci-info: +-------+-------------+----------+---------------+-----------+-------+
[   10.265950] cloud-init[975]: ci-info: |   0   |   0.0.0.0   | 10.0.2.2 |    0.0.0.0    |   enp0s3  |   UG  |
[   10.272502] cloud-init[975]: ci-info: |   1   |   10.0.2.0  | 0.0.0.0  | 255.255.255.0 |   enp0s3  |   U   |
[   10.280470] cloud-init[975]: ci-info: +-------+-------------+----------+---------------+-----------+-------+
[   10.288409] cloud-init[975]: ci-info: +++++++++++++++++++Route IPv6 info+++++++++++++++++++
[   10.288956] cloud-init[975]: ci-info: +-------+-------------+---------+-----------+-------+
[   10.289480] cloud-init[975]: ci-info: | Route | Destination | Gateway | Interface | Flags |
[[0;32m  OK  [0m] Started Initial cloud-init job (metadata service crawler).
[[0;32m  OK  [0m] Reached target Cloud-config availability.
[[0;32m  OK  [0m] Reached target Network is Online.
         Starting iSCSI initiator daemon (iscsid)...
[   10.291591] cloud-init[975]: ci-info: +-------+-------------+---------+-----------+-------+
[   10.308269] [[0;32m  OK  [0m] Reached target System Initialization.
[[0;32m  OK  [0m] Started Ubuntu Advantage update messaging.
cloud-init[975]: ci-info: |   0   |  fe80::/64  |    ::   |   enp0s3  |   U   |
         Starting LXD - unix socket.
[[0;32m  OK  [0m] Started Daily apt download activities.
[[0;32m  OK  [0m] Started Daily apt upgrade and clean activities.
[[0;32m  OK  [0m] Started Daily Cleanup of Temporary Directories.
[[0;32m  OK  [0m] Listening on UUID daemon activation socket.
         Starting Socket activation for snappy daemon.
[[0;32m  OK  [0m] Listening on D-Bus System Message Bus Socket.
[   10.312534] cloud-init[975]: ci-info: |   3   |   ff00::/8  |    ::   |   enp0s3  |   U   |
[   10.340249] cloud-init[975]: ci-info: +-------+-------------+---------+-----------+-------+
[   10.348246] cloud-init[975]: Generating public/private rsa key pair.
[   10.356195] cloud-init[975]: Your identification has been saved in /etc/ssh/ssh_host_rsa_key.
[[0;32m  OK  [0m] Started ACPI Events Check.
[[0;32m  OK  [0m] Reached target Paths.
[[0;32m  OK  [0m] Listening on ACPID Listen Socket.
[[0;32m  OK  [0m] Started Message of the Day.
[[0;32m  OK  [0m] Reached target Timers.
[   10.357685] cloud-init[975]: Your public key has been saved in /etc/ssh/ssh_host_rsa_key.pub.
[   10.368276] cloud-init[975]: The key fingerprint is:
[   10.368888] cloud-init[975]: SHA256:9ayrogB5qdY58eYvY/cw9Yze/HSY1Uz6ejv7aQ2kg0g root@ubuntu-xenial
[   10.369453] cloud-init[975]: The key's randomart image is:
[[0;32m  OK  [0m] Listening on LXD - unix socket.
[[0;32m  OK  [0m] Listening on Socket activation for snappy daemon.
[[0;32m  OK  [0m] Started iSCSI initiator daemon (iscsid).
         Starting Login to default iSCSI targets...
[[0;32m  OK  [0m] Reached target Sockets.
[[0;32m  OK  [0m] Reached target Basic System.
[[0;32m  OK  [0m] Started FUSE filesystem for LXC.
[   10.379323] cloud-init[975]: +---[RSA 2048]----+
[   10.392232] cloud-init[975]: |                 |
[   10.393925] cloud-init[975]: |                 |
[   10.394315] cloud-init[975]: |          .     .|
[   10.395281] cloud-init[975]: | . .    E. o  .+.|
         Starting System Logging Service...
         Starting Login Service...
[   10.396337] cloud-init[975]: |o o.   .So .oo..o|
         Starting LSB: MD monitoring daemon...
[[0;32m  OK  [0m] Started Deferred execution scheduler.
         Starting Virtualbox guest utils...
[[0;32m  OK  [0m] Started ACPI event daemon.
[[0;32m  OK  [0m] Started D-Bus System Message Bus.
[   10.405507] cloud-init[975]: | +. +   o =.o =. |
[   10.438568] cloud-init[975]: |...+ o o ..o = oo|
[   10.439185] cloud-init[975]: |.  .++..+ o.. .++|
[   10.444587] cloud-init[975]: |    oo=oo+.o..o=*|
[   10.445682] cloud-init[975]: +----[SHA256]-----+
[   10.446568] cloud-init[975]: Generating public/private dsa key pair.
[   10.447555] cloud-init[975]: Your identification has been saved in /etc/ssh/ssh_host_dsa_key.
[   10.449166] cloud-init[975]: Your public key has been saved in /etc/ssh/ssh_host_dsa_key.pub.
[   10.450370] cloud-init[975]: The key fingerprint is:
[   10.451045] cloud-init[975]: SHA256:8MbkeG7z1jJjT14cH/YrVrFaG1GTN6QetrfSmiObDQU root@ubuntu-xenial
[   10.452267] cloud-init[975]: The key's randomart image is:
[   10.455482] cloud-init[975]: +---[DSA 1024]----+
[   10.456645] cloud-init[975]: |              ...|
[   10.457517] cloud-init[975]: |              .+o|
[   10.458458] cloud-init[975]: |      . .  E +  =|
[   10.460205] cloud-init[975]: |       B    + oo |
[   10.468347] cloud-init[975]: |      . S    +.++|
[   10.469122] cloud-init[975]: |       +    ..+B+|
[   10.470464] cloud-init[975]: |        +  o..*o=|
[   10.476227] cloud-init[975]: |       . o*+=*+..|
[   10.477103] cloud-init[975]: |         o.B*+o. |
[   10.477775] cloud-init[975]: +----[SHA256]-----+
[   10.478484] cloud-init[975]: Generating public/private ecdsa key pair.
         Starting Snap Daemon...
         Starting LSB: Record successful boot for GRUB...
[   10.486059] cloud-init[975]: Your identification has been saved in /etc/ssh/ssh_host_ecdsa_key.
         Starting /etc/rc.local Compatibility...
[   10.500479] cloud-init[975]: Your public key has been saved in /etc/ssh/ssh_host_ecdsa_key.pub.
[[0;32m  OK  [0m] Started Regular background program processing daemon.
         Starting Accounts Service...
         Starting Pollinate to seed the pseudo random number generator...
         Starting LXD - container startup/shutdown...
[[0;32m  OK  [0m] Started System Logging Service.
[[0;32m  OK  [0m] Started /etc/rc.local Compatibility.
[   10.527400] cloud-init[975]: The key fingerprint is:
[   10.533998] cloud-init[975]: SHA256:JPXxO23c8ICBE8ZHukOnADAQoum1vHgjf33Oj4E89RY root@ubuntu-xenial
[[0;32m  OK  [0m] Started Login Service.
[   10.543784] cloud-init[975]: The key's randomart image is:
[[0;32m  OK  [0m] Started Unattended Upgrades Shutdown.
[   10.568978] cloud-init[975]: +---[ECDSA 256]---+
[   10.579501] cloud-init[975]: |. ooo.. ..++o    |
[   10.585529] cloud-init[975]: |.o   . o o++.o   |
[   10.589692] cloud-init[975]: |o  .  . o +o+ o  |
[   10.591372] cloud-init[975]: |. o .  o o + + = |
[[0;32m  OK  [0m] Started Login to default iSCSI targets.
[[0;32m  OK  [0m] Reached target Remote File Systems (Pre).
[[0;32m  OK  [0m] Reached target Remote File Systems.
         Starting LSB: automatic crash report generation...
         Starting LSB: daemon to balance interrupts for SMP systems...
         Starting LSB: Set the CPU Frequency Scaling governor to "ondemand"...
         Starting Permit User Sessions...
[[0;32m  OK  [0m] Started Permit User Sessions.
         Starting Hold until boot process finishes up...
         Starting Terminate Plymouth Boot Screen...
[[0;32m  OK  [0m] Started Hold until boot process finishes up.
[[0;32m  OK  [0m] Started Getty on tty1.
         Starting Set console scheme...
[[0;32m  OK  [0m] Started Serial Getty on ttyS0.
[[0;32m  OK  [0m] Reached target Login Prompts.
[[0;32m  OK  [0m] Started LSB: MD monitoring daemon.
[[0;32m  OK  [0m] Started Terminate Plymouth Boot Screen.
[[0;32m  OK  [0m] Started Set console scheme.
[   10.675035] cloud-init[975]: | . o    S.+Eo + o|
[   10.680075] cloud-init[975]: |  . . . o ...o   |
[   10.688810] cloud-init[975]: | o +  .+ . o     |
[   10.694754] cloud-init[975]: |  + .. .o.+      |
[   10.699690] cloud-init[975]: |   ..   o+..     |
[[0;32m  OK  [0m] Started LSB: Record successful boot for GRUB.
[   10.705842] cloud-init[975]: +----[SHA256]-----+
[   10.713808] cloud-init[975]: Generating public/private ed25519 key pair.
[[0;32m  OK  [0m] Started LSB: Set the CPU Frequency Scaling governor to "ondemand".
[   10.717941] cloud-init[975]: Your identification has been saved in /etc/ssh/ssh_host_ed25519_key.
[   10.728594] cloud-init[975]: Your public key has been saved in /etc/ssh/ssh_host_ed25519_key.pub.
[   10.733630] cloud-init[975]: The key fingerprint is:
[   10.740852] cloud-init[975]: SHA256:LCEZJ6hZgEGDDdpomsWChdfAB3BWVOuuk17+NHVIZQw root@ubuntu-xenial
[   10.748226] cloud-init[975]: The key's randomart image is:
[   10.750708] cloud-init[975]: +--[ED25519 256]--+
[   10.756922] cloud-init[975]: |O@*B=.o   Eoo    |
         Starting Authenticate and Authorize Users to Run Privileged Tasks...
[   10.775357] cloud-init[975]: |*BB o= .   o.    |
[   10.786946] cloud-init[975]: |=*+.o o   .      |
[   10.790425] cloud-init[975]: |=+   o o . .     |
[[0;32m  OK  [0m] Started LSB: automatic crash report generation.
[[0;32m  OK  [0m] Started LSB: daemon to balance interrupts for SMP systems.
[   10.803280] cloud-init[975]: |o     o S o .    |
[   10.808497] cloud-init[975]: |     . . . .     |
[   10.812176] cloud-init[975]: |     .o o        |
[[0;32m  OK  [0m] Started Authenticate and Authorize Users to Run Privileged Tasks.
[   10.823981] cloud-init[975]: |    o+ . .       |
[   10.827459] cloud-init[975]: |   .o....        |
[[0;32m  OK  [0m] Started Accounts Service.
[   10.832911] cloud-init[975]: +----[SHA256]-----+
[[0;32m  OK  [0m] Started LXD - container startup/shutdown.
[[0;32m  OK  [0m] Started Virtualbox guest utils.
[[0;32m  OK  [0m] Started Snap Daemon.
         Starting Wait until snapd is fully seeded...
[[0;32m  OK  [0m] Started Pollinate to seed the pseudo random number generator.
         Starting OpenBSD Secure Shell server...
[[0;32m  OK  [0m] Started OpenBSD Secure Shell server.
[[0;32m  OK  [0m] Created slice User Slice of vagrant.
         Starting User Manager for UID 1000...
[[0;32m  OK  [0m] Started Session 1 of user vagrant.
[[0;32m  OK  [0m] Started User Manager for UID 1000.
[[0;32m  OK  [0m] Started Wait until snapd is fully seeded.
[[0;32m  OK  [0m] Reached target Multi-User System.
[[0;32m  OK  [0m] Reached target Graphical Interface.
         Starting Update UTMP about System Runlevel Changes...
         Starting Apply the settings specified in cloud-config...
[[0;32m  OK  [0m] Started Update UTMP about System Runlevel Changes.
[   14.157556] cloud-init[1401]: Generating locales (this might take a while)...
[   15.231951] cloud-init[1401]:   en_US.UTF-8... done
[   15.233638] cloud-init[1401]: Generation complete.
[   15.694460] cloud-init[1401]: Cloud-init v. 21.1-19-gbad84ad4-0ubuntu1~16.04.2 running 'modules:config' at Thu, 21 Aug 2025 15:27:50 +0000. Up 13.92 seconds.
ci-info: no authorized SSH keys fingerprints found for user ubuntu.
<14>Aug 21 15:27:53 ec2: 
<14>Aug 21 15:27:53 ec2: #############################################################
<14>Aug 21 15:27:53 ec2: -----BEGIN SSH HOST KEY FINGERPRINTS-----
<14>Aug 21 15:27:53 ec2: 1024 SHA256:8MbkeG7z1jJjT14cH/YrVrFaG1GTN6QetrfSmiObDQU root@ubuntu-xenial (DSA)
<14>Aug 21 15:27:53 ec2: 256 SHA256:JPXxO23c8ICBE8ZHukOnADAQoum1vHgjf33Oj4E89RY root@ubuntu-xenial (ECDSA)
<14>Aug 21 15:27:53 ec2: 256 SHA256:LCEZJ6hZgEGDDdpomsWChdfAB3BWVOuuk17+NHVIZQw root@ubuntu-xenial (ED25519)
<14>Aug 21 15:27:53 ec2: 2048 SHA256:9ayrogB5qdY58eYvY/cw9Yze/HSY1Uz6ejv7aQ2kg0g root@ubuntu-xenial (RSA)
<14>Aug 21 15:27:53 ec2: -----END SSH HOST KEY FINGERPRINTS-----
<14>Aug 21 15:27:53 ec2: #############################################################
-----BEGIN SSH HOST KEY KEYS-----
ecdsa-sha2-nistp256 AAAAE2VjZHNhLXNoYTItbmlzdHAyNTYAAAAIbmlzdHAyNTYAAABBBPdQhLlG6oD4wuonUCE9bI0JRiIsZvBc+NPTPJ6nLWW0PI9sP1PHrNPldQKBtlzmtiArGG6RvosxF/HLoMzuUac= root@ubuntu-xenial
ssh-ed25519 AAAAC3NzaC1lZDI1NTE5AAAAIPGKvbBNjRNcrVjbsRWGwL5/meclIUtNmEnuFV85/lLx root@ubuntu-xenial
ssh-rsa AAAAB3NzaC1yc2EAAAADAQABAAABAQCvwuLgt4bqG1ULlIfF6crOGni5PeEsFYR3PhBESnjsn9JdNW5dfd3un6pTzAkhluPDb89KDwO8EvFyTE/x/QKE6UDDdAzWatV6ujylPOoV3kRT+xdER0AHVURwlM8WM88SLrtWEx4ypPnh9l8Dkr0sHD0JxBgwSGDZHh8qn6PLQUm/br5SUFJs+EkaSQ4Izt+MM+3Mev+b8P9C9kWfB5aGsyXlbUmsmzuB2yOBpS0rYFMbgnYconnRqE7n3OhWx7PacR2K6xyHydvemRl/CFY+n8Gjk0mBnw7ITrOiU3j9jWZGCTBJ0F9/tKFHYtWf8KNVKG0YxAdO+6H3mZCfA9sz root@ubuntu-xenial
-----END SSH HOST KEY KEYS-----
[   16.392503] cloud-init[1550]: Cloud-init v. 21.1-19-gbad84ad4-0ubuntu1~16.04.2 running 'modules:final' at Thu, 21 Aug 2025 15:27:52 +0000. Up 16.18 seconds.
[   16.393167] cloud-init[1550]: ci-info: no authorized SSH keys fingerprints found for user ubuntu.
[   16.393666] cloud-init[1550]: Cloud-init v. 21.1-19-gbad84ad4-0ubuntu1~16.04.2 finished at Thu, 21 Aug 2025 15:27:53 +0000. Datasource DataSourceNoCloud [seed=/dev/sdb][dsmode=net].  Up 16.38 seconds

Ubuntu 16.04.7 LTS ubuntu-xenial ttyS0

ubuntu-xenial login: 